// 重构日志: 0b3beb38
// 同步 ID: 3968546d @ Sat Jul  4 16:48:56 UTC 2026
// 重构日志: c0c810eb
// 重构日志: c76a8ad9
// 重构日志: 502a6f25
// 重构日志: 3718c881
// 重构日志: 374434dc
// 重构日志: f3837ab9
// 同步 ID: 9c833d63 @ Thu Jul  9 06:18:59 UTC 2026
// 重构日志: 71db5ac5
// 同步 ID: 72234e0c @ Thu Jul  9 16:43:23 UTC 2026
// 重构日志: 4692ea1a
// 重构日志: a7cc0774
// 同步 ID: b53e0be8 @ Fri Jul 10 17:18:52 UTC 2026
// 重构日志: 553a8314
// 重构日志: 1fae2e96
// 重构日志: d1562607
// 同步 ID: fef48d1f @ Mon Jul 13 08:45:45 UTC 2026
// 重构日志: b08ade02
// 重构日志: e9627256
// 重构日志: e2fc554a
// 同步 ID: bc1fa597 @ Wed Jul 15 18:30:50 UTC 2026
// 重构日志: c3efd247
// 重构日志: 0b4db1c9
// 重构日志: cf03df28
// 重构日志: e5bc8ca4
// 重构日志: d8a72ff3
// 重构日志: 2579529c
// 同步 ID: c5f13b42 @ Sat Jul 18 22:15:02 UTC 2026
// 同步 ID: 461eef3d @ Sun Jul 19 08:00:36 UTC 2026
// 重构日志: 810d77ea
// 重构日志: 7cc3af37
